// Jest Snapshot v1, https://goo.gl/fbAQLP

exports[`Action Button renders correctly 1`] = `
<TouchableOpacity
  activeOpacity={0.9}
  onPressIn={[Function]}
>
  <AnimatedComponent
    style={
      Array [
        Object {
          "bottom": 10,
          "height": 30,
          "position": "absolute",
          "right": 10,
          "width": 112,
        },
        Object {
          "borderRadius": undefined,
          "overflow": "hidden",
          "transform": Array [
            Object {
              "translateX": undefined,
            },
            Object {
              "translateY": undefined,
            },
            Object {
              "scaleX": undefined,
            },
            Object {
              "scaleY": undefined,
            },
          ],
        },
      ]
    }
  >
    <BlurView
      blurAmount={10}
      blurType="xlight"
      style={
        Object {
          "bottom": 0,
          "left": 0,
          "position": "absolute",
          "right": 0,
          "top": 0,
        }
      }
    />
  </AnimatedComponent>
  <View
    style={
      Object {
        "alignItems": "center",
        "bottom": 10,
        "height": 30,
        "justifyContent": "center",
        "position": "absolute",
        "right": 25,
      }
    }
  >
    <SubHeader
      animated={true}
      style={
        Object {
          "color": "black",
          "transform": Array [
            Object {
              "translateX": undefined,
            },
            Object {
              "translateY": undefined,
            },
          ],
        }
      }
    />
  </View>
</TouchableOpacity>
`;

exports[`Description renders correctly 1`] = `
<View
  style={
    Object {
      "backgroundColor": "rgba(52, 33, 79, 0.95)",
      "height": 1134,
      "padding": 20,
      "width": 730,
    }
  }
>
  <Paragraph />
</View>
`;

exports[`EventCard renders correctly 1`] = `
<View
  style={
    Object {
      "backgroundColor": "rgba(21,2,24,0.95)",
      "borderRadius": 20,
      "height": 1154,
      "overflow": "hidden",
      "width": 730,
    }
  }
>
  <RCTScrollView
    bounces={false}
    onScroll={[Function]}
    scrollEventThrottle={16}
    showsVerticalScrollIndicator={false}
  >
    <View>
      <Image
        source={
          Object {
            "uri": undefined,
          }
        }
        style={
          Object {
            "alignItems": "center",
            "height": 1134,
            "justifyContent": "center",
            "width": 730,
          }
        }
      />
      <BVLinearGradient
        colors={
          Array [
            3003121664,
            436207616,
          ]
        }
        endPoint={
          Object {
            "x": 0.5,
            "y": 1,
          }
        }
        locations={
          Array [
            0,
            0.1,
          ]
        }
        startPoint={
          Object {
            "x": 0.5,
            "y": 0,
          }
        }
        style={
          Object {
            "bottom": 0,
            "left": 0,
            "position": "absolute",
            "right": 0,
            "top": 0,
          }
        }
      />
      <View
        style={
          Object {
            "padding": 10,
            "position": "absolute",
          }
        }
      >
        <Text
          style={
            Object {
              "color": "white",
              "fontFamily": "Avenir Next",
              "fontSize": 20,
              "fontWeight": "700",
            }
          }
        />
        <Text
          style={
            Object {
              "color": "white",
              "fontFamily": "Avenir Next",
              "fontSize": 16,
              "fontWeight": "600",
            }
          }
        >
          Sun April 14th 7:44 pm
        </Text>
      </View>
      <View
        style={
          Object {
            "backgroundColor": "rgba(52, 33, 79, 0.95)",
            "height": 1134,
            "padding": 20,
            "width": 730,
          }
        }
      >
        <Text
          style={
            Object {
              "color": "white",
              "fontFamily": "Avenir Next",
              "fontSize": 12,
            }
          }
        />
      </View>
    </View>
  </RCTScrollView>
  <View
    accessible={true}
    isTVSelectable={true}
    onResponderGrant={[Function]}
    onResponderMove={[Function]}
    onResponderRelease={[Function]}
    onResponderTerminate={[Function]}
    onResponderTerminationRequest={[Function]}
    onStartShouldSetResponder={[Function]}
    style={
      Object {
        "opacity": 1,
      }
    }
  >
    <View
      style={
        Object {
          "borderRadius": 10,
          "bottom": 10,
          "height": 30,
          "overflow": "hidden",
          "position": "absolute",
          "right": 10,
          "transform": Array [
            Object {
              "translateX": 0,
            },
            Object {
              "translateY": 0,
            },
            Object {
              "scaleX": 1,
            },
            Object {
              "scaleY": 1,
            },
          ],
          "width": 112,
        }
      }
    >
      <BlurView
        blurAmount={10}
        blurType="xlight"
        style={
          Array [
            Object {
              "backgroundColor": "transparent",
            },
            Object {
              "bottom": 0,
              "left": 0,
              "position": "absolute",
              "right": 0,
              "top": 0,
            },
          ]
        }
      />
    </View>
    <View
      style={
        Object {
          "alignItems": "center",
          "bottom": 10,
          "height": 30,
          "justifyContent": "center",
          "position": "absolute",
          "right": 25,
        }
      }
    >
      <Text
        style={
          Object {
            "color": "black",
            "fontFamily": "Avenir Next",
            "fontSize": 16,
            "fontWeight": "600",
            "transform": Array [
              Object {
                "translateX": 0,
              },
              Object {
                "translateY": 0,
              },
            ],
          }
        }
      >
        Get Tickets
      </Text>
    </View>
  </View>
  <View
    style={
      Object {
        "backgroundColor": "gray",
        "borderRadius": 2.5,
        "height": 100,
        "position": "absolute",
        "right": 10,
        "top": 10,
        "width": 5,
      }
    }
  >
    <View
      style={
        Object {
          "backgroundColor": "lightgray",
          "borderRadius": 2.5,
          "height": 20,
          "position": "absolute",
          "right": 0,
          "top": 0,
          "transform": Array [
            Object {
              "translateY": 0,
            },
          ],
          "width": 5,
        }
      }
    />
  </View>
</View>
`;
